// Jest Snapshot v1, https://goo.gl/fbAQLP

exports[`Pruebas para el componente GifGridItem Debe mostrar el componente correctamente 1`] = `
<div
  className="card animate__animated animate__fadeIn"
>
  <img
    alt="Cargando..."
    src="https://localhost/image.gif"
  />
  <p>
    This is a title
  </p>
</div>
`;
